mode: set
github.com/z0rr0/luss/test/test.go:25.26,28.2 2 1
github.com/z0rr0/luss/test/test.go:31.28,33.2 1 1
